2026-03-24 16:59:58.585: [INFO] OnDoneLoading sync enabled: 0
2026-03-24 17:00:11.768: [INFO] OnDoneLoading sync enabled: 0
2026-03-25 03:17:48.452: [INFO] OnDoneLoading sync enabled: 0
2026-03-27 02:49:56.200: [INFO] OnDoneLoading sync enabled: 0
2026-03-30 02:51:01.939: [INFO] OnDoneLoading sync enabled: 0
2026-03-31 16:34:39.010: [INFO] OnDoneLoading sync enabled: 0
2026-03-31 16:42:24.903: [INFO] OnDoneLoading sync enabled: 0
2026-03-31 17:03:20.238: [INFO] OnDoneLoading sync enabled: 0
2026-04-06 02:46:29.241: [INFO] OnDoneLoading sync enabled: 0
2026-04-07 04:20:12.547: [INFO] OnDoneLoading sync enabled: 0
2026-04-07 04:20:19.119: [INFO] OnDoneLoading sync enabled: 0
2026-04-07 04:26:14.125: [INFO] OnDoneLoading sync enabled: 0
2026-04-07 04:27:41.871: [INFO] OnDoneLoading sync enabled: 0
2026-04-07 04:33:09.696: [INFO] OnDoneLoading sync enabled: 0
2026-04-07 04:34:04.226: [INFO] OnDoneLoading sync enabled: 0
2026-04-09 11:59:32.200: [INFO] OnDoneLoading sync enabled: 0
2026-04-09 12:02:19.386: [INFO] OnDoneLoading sync enabled: 0
2026-04-09 12:02:29.490: [INFO] OnDoneLoading sync enabled: 0
2026-04-09 12:04:35.440: [INFO] OnDoneLoading sync enabled: 0
2026-04-09 12:13:51.314: [INFO] OnDoneLoading sync enabled: 0
2026-04-11 04:53:30.485: [INFO] OnDoneLoading sync enabled: 0
2026-04-11 05:02:36.178: [INFO] OnDoneLoading sync enabled: 0
2026-04-11 05:31:53.638: [INFO] OnDoneLoading sync enabled: 0
2026-04-11 05:43:28.982: [INFO] OnDoneLoading sync enabled: 0
2026-04-11 05:57:18.255: [INFO] OnDoneLoading sync enabled: 0
2026-04-11 07:33:58.512: [INFO] OnDoneLoading sync enabled: 0
2026-04-13 02:47:24.083: [INFO] OnDoneLoading sync enabled: 0
2026-04-13 06:08:10.287: [INFO] OnDoneLoading sync enabled: 0
2026-04-14 05:31:16.700: [INFO] OnDoneLoading sync enabled: 0
2026-04-14 06:40:49.053: [INFO] OnDoneLoading sync enabled: 0
2026-04-14 06:41:03.155: [INFO] OnDoneLoading sync enabled: 0
2026-04-14 06:52:53.805: [INFO] OnDoneLoading sync enabled: 0
2026-04-14 07:05:32.769: [INFO] OnDoneLoading sync enabled: 0
2026-04-14 07:18:11.540: [INFO] OnDoneLoading sync enabled: 0
2026-04-14 07:25:06.345: [INFO] OnDoneLoading sync enabled: 0
2026-04-14 07:25:23.540: [INFO] OnDoneLoading sync enabled: 0
2026-04-14 07:26:53.584: [INFO] OnDoneLoading sync enabled: 0
2026-04-14 07:40:28.265: [INFO] OnDoneLoading sync enabled: 0
2026-04-14 07:52:18.585: [INFO] OnDoneLoading sync enabled: 0
2026-04-14 07:54:09.380: [INFO] OnDoneLoading sync enabled: 0
2026-04-14 07:55:08.003: [INFO] OnDoneLoading sync enabled: 0
2026-04-14 10:12:24.125: [INFO] OnDoneLoading sync enabled: 0
2026-04-16 07:57:37.446: [INFO] OnDoneLoading sync enabled: 0
2026-04-16 08:16:04.474: [INFO] OnDoneLoading sync enabled: 0
2026-04-16 08:37:02.563: [INFO] OnDoneLoading sync enabled: 0
2026-04-17 02:47:09.749: [INFO] OnDoneLoading sync enabled: 0
2026-04-20 03:21:46.703: [INFO] OnDoneLoading sync enabled: 0
2026-04-21 10:36:26.240: [INFO] OnDoneLoading sync enabled: 0
2026-04-22 03:12:08.993: [INFO] OnDoneLoading sync enabled: 0
2026-04-22 14:28:23.583: [INFO] OnDoneLoading sync enabled: 0
2026-04-22 14:39:20.936: [INFO] OnDoneLoading sync enabled: 0
2026-04-22 14:39:52.061: [INFO] OnDoneLoading sync enabled: 0
2026-04-22 14:42:31.541: [INFO] OnDoneLoading sync enabled: 0
2026-04-22 14:44:07.799: [INFO] OnDoneLoading sync enabled: 0
2026-04-22 14:46:55.449: [INFO] OnDoneLoading sync enabled: 0
2026-04-22 14:59:57.403: [INFO] OnDoneLoading sync enabled: 0
2026-04-22 15:06:17.307: [INFO] OnDoneLoading sync enabled: 0
2026-04-22 15:06:24.383: [INFO] OnDoneLoading sync enabled: 0
2026-04-22 15:07:48.240: [INFO] OnDoneLoading sync enabled: 0
2026-04-27 02:42:46.107: [INFO] OnDoneLoading sync enabled: 0
2026-04-27 02:45:06.961: [INFO] OnDoneLoading sync enabled: 0
2026-05-02 04:25:18.869: [INFO] OnDoneLoading sync enabled: 0
2026-05-04 02:58:54.038: [INFO] OnDoneLoading sync enabled: 0
2026-05-05 14:34:29.537: [INFO] OnDoneLoading sync enabled: 0
2026-05-05 15:03:29.777: [INFO] OnDoneLoading sync enabled: 0
2026-05-07 10:15:03.760: [INFO] OnDoneLoading sync enabled: 0
2026-05-07 10:16:13.286: [INFO] OnDoneLoading sync enabled: 0
2026-05-07 10:18:10.247: [INFO] OnDoneLoading sync enabled: 0
2026-05-07 10:20:32.040: [INFO] OnDoneLoading sync enabled: 0
2026-05-07 10:22:04.810: [INFO] OnDoneLoading sync enabled: 0
2026-05-09 07:10:48.317: [INFO] OnDoneLoading sync enabled: 0
2026-05-09 07:41:48.786: [INFO] OnDoneLoading sync enabled: 0
2026-05-09 07:44:22.710: [INFO] OnDoneLoading sync enabled: 0
2026-05-09 07:44:29.768: [INFO] OnDoneLoading sync enabled: 0
2026-05-09 08:24:55.557: [INFO] OnDoneLoading sync enabled: 0
2026-05-09 08:25:13.455: [INFO] OnDoneLoading sync enabled: 0
2026-05-09 08:31:52.902: [INFO] OnDoneLoading sync enabled: 0
2026-05-09 10:48:09.647: [INFO] OnDoneLoading sync enabled: 0
2026-05-09 10:50:45.835: [INFO] OnDoneLoading sync enabled: 0
2026-05-09 22:37:08.002: [INFO] OnDoneLoading sync enabled: 0
2026-05-11 13:14:31.422: [INFO] OnDoneLoading sync enabled: 0
2026-05-11 13:20:52.051: [INFO] OnDoneLoading sync enabled: 0
2026-05-11 13:27:53.507: [INFO] OnDoneLoading sync enabled: 0
2026-05-11 13:32:02.152: [INFO] OnDoneLoading sync enabled: 0
2026-05-14 15:35:30.313: [INFO] OnDoneLoading sync enabled: 0
2026-05-14 15:36:13.885: [INFO] OnDoneLoading sync enabled: 0
2026-05-14 15:36:24.828: [INFO] OnDoneLoading sync enabled: 0
2026-05-14 15:46:33.072: [INFO] OnDoneLoading sync enabled: 0
2026-05-14 15:59:35.825: [INFO] OnDoneLoading sync enabled: 0
2026-05-14 15:59:54.581: [INFO] OnDoneLoading sync enabled: 0
2026-05-22 04:13:49.911: [INFO] OnDoneLoading sync enabled: 0
2026-05-22 10:53:50.009: [INFO] OnDoneLoading sync enabled: 0
2026-05-22 11:08:11.782: [INFO] OnDoneLoading sync enabled: 0
2026-05-22 11:12:27.865: [INFO] OnDoneLoading sync enabled: 0
2026-05-22 11:16:18.373: [INFO] OnDoneLoading sync enabled: 0
2026-05-22 11:26:16.535: [INFO] OnDoneLoading sync enabled: 0
2026-05-22 11:26:55.530: [INFO] OnDoneLoading sync enabled: 0
2026-05-27 11:37:59.297: [INFO] OnDoneLoading sync enabled: 0
2026-05-28 09:05:12.660: [INFO] OnDoneLoading sync enabled: 0
2026-05-28 09:31:11.105: [INFO] OnDoneLoading sync enabled: 0
2026-05-28 19:09:49.915: [INFO] OnDoneLoading sync enabled: 0
2026-05-29 02:52:25.085: [INFO] OnDoneLoading sync enabled: 0
2026-05-31 08:38:04.753: [INFO] OnDoneLoading sync enabled: 0
2026-06-06 07:06:27.087: [INFO] OnDoneLoading sync enabled: 0
2026-06-06 08:16:45.400: [INFO] OnDoneLoading sync enabled: 0
2026-06-06 08:39:44.028: [INFO] OnDoneLoading sync enabled: 0
2026-06-06 08:43:17.224: [INFO] OnDoneLoading sync enabled: 0
2026-06-06 08:43:34.545: [INFO] OnDoneLoading sync enabled: 0
2026-06-06 08:44:13.571: [INFO] OnDoneLoading sync enabled: 0
2026-06-06 08:50:43.865: [INFO] OnDoneLoading sync enabled: 0
2026-06-06 08:54:43.015: [INFO] OnDoneLoading sync enabled: 0
2026-06-06 08:55:33.922: [INFO] OnDoneLoading sync enabled: 0
2026-06-06 08:56:22.924: [INFO] OnDoneLoading sync enabled: 0
2026-06-06 09:02:11.102: [INFO] OnDoneLoading sync enabled: 0
2026-06-06 09:02:42.332: [INFO] OnDoneLoading sync enabled: 0
2026-06-06 09:03:09.853: [INFO] OnDoneLoading sync enabled: 0
2026-06-06 09:03:36.424: [INFO] OnDoneLoading sync enabled: 0
2026-06-06 09:04:16.837: [INFO] OnDoneLoading sync enabled: 0
2026-06-06 09:06:32.278: [INFO] OnDoneLoading sync enabled: 0
2026-06-06 09:06:44.954: [INFO] OnDoneLoading sync enabled: 0
2026-06-06 09:08:22.271: [INFO] OnDoneLoading sync enabled: 0
2026-06-06 09:12:22.622: [INFO] OnDoneLoading sync enabled: 0
2026-06-09 14:18:37.195: [INFO] OnDoneLoading sync enabled: 0
2026-06-09 14:37:46.503: [INFO] OnDoneLoading sync enabled: 0
2026-06-09 14:38:24.281: [INFO] OnDoneLoading sync enabled: 0
2026-06-09 14:43:06.724: [INFO] OnDoneLoading sync enabled: 0
2026-06-09 14:43:39.568: [INFO] OnDoneLoading sync enabled: 0
2026-06-09 14:56:53.521: [INFO] OnDoneLoading sync enabled: 0
2026-06-09 14:58:10.033: [INFO] OnDoneLoading sync enabled: 0
2026-06-09 14:58:33.862: [INFO] OnDoneLoading sync enabled: 0
2026-06-09 15:02:21.853: [INFO] OnDoneLoading sync enabled: 0
2026-06-09 15:04:21.501: [INFO] OnDoneLoading sync enabled: 0
2026-06-11 06:01:47.731: [INFO] OnDoneLoading sync enabled: 0
2026-06-11 06:37:29.042: [INFO] OnDoneLoading sync enabled: 0
2026-06-11 06:38:22.917: [INFO] OnDoneLoading sync enabled: 0
2026-06-11 06:52:33.173: [INFO] OnDoneLoading sync enabled: 0
2026-06-12 04:43:12.292: [INFO] OnDoneLoading sync enabled: 0
2026-06-12 04:51:04.854: [INFO] OnDoneLoading sync enabled: 0
2026-06-12 04:52:06.424: [INFO] OnDoneLoading sync enabled: 0
2026-06-12 05:15:44.471: [INFO] OnDoneLoading sync enabled: 0
2026-06-12 05:16:53.458: [INFO] OnDoneLoading sync enabled: 0
2026-06-12 05:18:11.409: [INFO] OnDoneLoading sync enabled: 0
2026-06-12 05:21:27.869: [INFO] OnDoneLoading sync enabled: 0
2026-06-14 12:36:41.195: [INFO] OnDoneLoading sync enabled: 0
2026-06-14 12:40:33.664: [INFO] OnDoneLoading sync enabled: 0
2026-06-14 12:43:26.440: [INFO] OnDoneLoading sync enabled: 0
2026-06-14 12:44:40.170: [INFO] OnDoneLoading sync enabled: 0
2026-06-14 12:45:33.062: [INFO] OnDoneLoading sync enabled: 0
2026-06-14 12:45:45.808: [INFO] OnDoneLoading sync enabled: 0
2026-06-15 07:18:15.761: [INFO] OnDoneLoading sync enabled: 0
2026-06-19 04:10:26.837: [INFO] OnDoneLoading sync enabled: 0
2026-06-23 05:24:36.667: [INFO] OnDoneLoading sync enabled: 0
2026-07-09 05:46:10.235: [INFO] OnDoneLoading sync enabled: 0
2026-07-09 05:55:29.052: [INFO] OnDoneLoading sync enabled: 0
2026-07-09 06:24:27.105: [INFO] OnDoneLoading sync enabled: 0
2026-07-09 06:24:41.712: [INFO] OnDoneLoading sync enabled: 0
2026-07-09 06:25:44.421: [INFO] OnDoneLoading sync enabled: 0
2026-07-09 06:36:32.100: [INFO] OnDoneLoading sync enabled: 0
2026-07-14 09:38:05.178: [INFO] OnDoneLoading sync enabled: 0
2026-07-16 08:55:07.654: [INFO] OnDoneLoading sync enabled: 0
2026-07-17 07:03:28.525: [INFO] OnDoneLoading sync enabled: 0
2026-07-20 06:16:38.640: [INFO] OnDoneLoading sync enabled: 0
2026-07-20 06:18:18.179: [INFO] OnDoneLoading sync enabled: 0
2026-07-20 06:25:22.026: [INFO] OnDoneLoading sync enabled: 0
2026-07-20 06:33:55.611: [INFO] OnDoneLoading sync enabled: 0
2026-07-20 06:40:53.968: [INFO] OnDoneLoading sync enabled: 0
2026-07-20 06:46:52.527: [INFO] OnDoneLoading sync enabled: 0
2026-07-20 07:10:08.081: [INFO] OnDoneLoading sync enabled: 0
2026-07-20 08:42:44.958: [INFO] OnDoneLoading sync enabled: 0
2026-07-22 05:30:22.033: [INFO] OnDoneLoading sync enabled: 0
2026-07-23 09:57:06.908: [INFO] OnDoneLoading sync enabled: 0
2026-07-25 08:26:40.283: [INFO] OnDoneLoading sync enabled: 0
2026-07-28 05:44:30.925: [INFO] OnDoneLoading sync enabled: 0
2026-07-28 14:09:27.907: [INFO] OnDoneLoading sync enabled: 0
2026-07-29 06:13:15.430: [INFO] OnDoneLoading sync enabled: 0
2026-07-29 06:38:30.094: [INFO] OnDoneLoading sync enabled: 0
2026-07-29 07:01:18.753: [INFO] OnDoneLoading sync enabled: 0
2026-07-30 06:00:31.756: [INFO] OnDoneLoading sync enabled: 0
2026-07-30 13:07:58.228: [INFO] OnDoneLoading sync enabled: 0
2026-07-31 06:41:45.348: [INFO] OnDoneLoading sync enabled: 0
2026-08-11 10:28:42.257: [INFO] CurrentProfilePath: D:\Java_course\.metadata\.plugins\org.eclipse.swt\EBWebView\Default
2026-08-11 10:28:42.257: [INFO] Profiles total count: 1
2026-08-11 10:28:42.262: [INFO] Profile: name=Profile 1 path=D:\Java_course\.metadata\.plugins\org.eclipse.swt\EBWebView\Default lastActive=2026-07-30T06:12:55.277Z
2026-08-11 10:28:42.262: [INFO] LastUsedProfileDir: D:\Java_course\.metadata\.plugins\org.eclipse.swt\EBWebView\Default
2026-08-11 10:28:42.262: [INFO] MostRecentlyActiveProfile: name=Profile 1 path=D:\Java_course\.metadata\.plugins\org.eclipse.swt\EBWebView\Default lastActive=2026-07-30T06:12:55.277Z
2026-08-11 10:28:42.262: [INFO] OnDoneLoading sync enabled: 0
2026-08-11 10:28:42.262: [INFO] BookmarkModelLoaded, ids_reassigned: 0
2026-08-11 10:28:42.262: [INFO] BookmarksLoadDropped droppedNodes=0
2026-08-11 10:28:42.262: [INFO] BookmarksSnapshot Startup total=0 bar=0 other=0 mobile=0 showBar=0 showBarNTP=1
2026-08-11 10:31:14.963: [INFO] BookmarksSnapshot Shutdown total=0 bar=0 other=0 mobile=0 showBar=0 showBarNTP=1
2026-08-19 07:06:21.366: [INFO] CurrentProfilePath: D:\Java_course\.metadata\.plugins\org.eclipse.swt\EBWebView\Default
2026-08-19 07:06:21.366: [INFO] Profiles total count: 1
2026-08-19 07:06:21.368: [INFO] Profile: name=Profile 1 path=D:\Java_course\.metadata\.plugins\org.eclipse.swt\EBWebView\Default lastActive=2026-07-30T06:12:55.277Z
2026-08-19 07:06:21.368: [INFO] LastUsedProfileDir: D:\Java_course\.metadata\.plugins\org.eclipse.swt\EBWebView\Default
2026-08-19 07:06:21.368: [INFO] MostRecentlyActiveProfile: name=Profile 1 path=D:\Java_course\.metadata\.plugins\org.eclipse.swt\EBWebView\Default lastActive=2026-07-30T06:12:55.277Z
2026-08-19 07:06:21.368: [INFO] OnDoneLoading sync enabled: 0
2026-08-19 07:06:21.368: [INFO] BookmarkModelLoaded, ids_reassigned: 0
2026-08-19 07:06:21.368: [INFO] BookmarksLoadDropped droppedNodes=0
2026-08-19 07:06:21.368: [INFO] BookmarksSnapshot Startup total=0 bar=0 other=0 mobile=0 showBar=0 showBarNTP=1
2026-08-19 08:13:23.882: [INFO] BookmarksSnapshot Shutdown total=0 bar=0 other=0 mobile=0 showBar=0 showBarNTP=1
2026-08-21 08:54:04.086: [INFO] CurrentProfilePath: D:\Java_course\.metadata\.plugins\org.eclipse.swt\EBWebView\Default
2026-08-21 08:54:04.086: [INFO] Profiles total count: 1
2026-08-21 08:54:04.097: [INFO] Profile: name=Profile 1 path=D:\Java_course\.metadata\.plugins\org.eclipse.swt\EBWebView\Default lastActive=2026-07-30T06:12:55.277Z
2026-08-21 08:54:04.097: [INFO] LastUsedProfileDir: D:\Java_course\.metadata\.plugins\org.eclipse.swt\EBWebView\Default
2026-08-21 08:54:04.097: [INFO] MostRecentlyActiveProfile: name=Profile 1 path=D:\Java_course\.metadata\.plugins\org.eclipse.swt\EBWebView\Default lastActive=2026-07-30T06:12:55.277Z
2026-08-21 08:54:04.097: [INFO] OnDoneLoading sync enabled: 0
2026-08-21 08:54:04.097: [INFO] BookmarkModelLoaded, ids_reassigned: 0
2026-08-21 08:54:04.097: [INFO] BookmarksLoadDropped droppedNodes=0
2026-08-21 08:54:04.097: [INFO] BookmarksSnapshot Startup total=0 bar=0 other=0 mobile=0 showBar=0 showBarNTP=1
2026-08-21 08:55:18.624: [INFO] BookmarksSnapshot Shutdown total=0 bar=0 other=0 mobile=0 showBar=0 showBarNTP=1
2026-08-21 08:55:56.617: [INFO] CurrentProfilePath: D:\Java_course\.metadata\.plugins\org.eclipse.swt\EBWebView\Default
2026-08-21 08:55:56.617: [INFO] Profiles total count: 1
2026-08-21 08:55:56.619: [INFO] Profile: name=Profile 1 path=D:\Java_course\.metadata\.plugins\org.eclipse.swt\EBWebView\Default lastActive=2026-07-30T06:12:55.277Z
2026-08-21 08:55:56.619: [INFO] LastUsedProfileDir: D:\Java_course\.metadata\.plugins\org.eclipse.swt\EBWebView\Default
2026-08-21 08:55:56.620: [INFO] MostRecentlyActiveProfile: name=Profile 1 path=D:\Java_course\.metadata\.plugins\org.eclipse.swt\EBWebView\Default lastActive=2026-07-30T06:12:55.277Z
2026-08-21 08:55:56.620: [INFO] OnDoneLoading sync enabled: 0
2026-08-21 08:55:56.620: [INFO] BookmarkModelLoaded, ids_reassigned: 0
2026-08-21 08:55:56.620: [INFO] BookmarksLoadDropped droppedNodes=0
2026-08-21 08:55:56.620: [INFO] BookmarksSnapshot Startup total=0 bar=0 other=0 mobile=0 showBar=0 showBarNTP=1
2026-08-21 09:23:49.600: [INFO] BookmarksSnapshot Shutdown total=0 bar=0 other=0 mobile=0 showBar=0 showBarNTP=1
2026-08-31 07:59:05.449: [INFO] CurrentProfilePath: D:\Java_course\.metadata\.plugins\org.eclipse.swt\EBWebView\Default
2026-08-31 07:59:05.449: [INFO] Profiles total count: 1
2026-08-31 07:59:05.453: [INFO] Profile: name=Profile 1 path=D:\Java_course\.metadata\.plugins\org.eclipse.swt\EBWebView\Default lastActive=2026-07-30T06:12:55.277Z
2026-08-31 07:59:05.453: [INFO] LastUsedProfileDir: D:\Java_course\.metadata\.plugins\org.eclipse.swt\EBWebView\Default
2026-08-31 07:59:05.453: [INFO] MostRecentlyActiveProfile: name=Profile 1 path=D:\Java_course\.metadata\.plugins\org.eclipse.swt\EBWebView\Default lastActive=2026-07-30T06:12:55.277Z
2026-08-31 07:59:05.454: [INFO] OnDoneLoading sync enabled: 0
2026-08-31 07:59:05.454: [INFO] BookmarkModelLoaded, ids_reassigned: 0
2026-08-31 07:59:05.454: [INFO] BookmarksLoadDropped droppedNodes=0
2026-08-31 07:59:05.454: [INFO] BookmarksSnapshot Startup total=0 bar=0 other=0 mobile=0 showBar=0 showBarNTP=1
2026-08-31 08:19:30.854: [INFO] BookmarksSnapshot Shutdown total=0 bar=0 other=0 mobile=0 showBar=0 showBarNTP=1
2026-08-31 12:56:28.142: [INFO] CurrentProfilePath: D:\Java_course\.metadata\.plugins\org.eclipse.swt\EBWebView\Default
2026-08-31 12:56:28.142: [INFO] Profiles total count: 1
2026-08-31 12:56:28.144: [INFO] Profile: name=Profile 1 path=D:\Java_course\.metadata\.plugins\org.eclipse.swt\EBWebView\Default lastActive=2026-07-30T06:12:55.277Z
2026-08-31 12:56:28.144: [INFO] LastUsedProfileDir: D:\Java_course\.metadata\.plugins\org.eclipse.swt\EBWebView\Default
2026-08-31 12:56:28.144: [INFO] MostRecentlyActiveProfile: name=Profile 1 path=D:\Java_course\.metadata\.plugins\org.eclipse.swt\EBWebView\Default lastActive=2026-07-30T06:12:55.277Z
2026-08-31 12:56:28.144: [INFO] OnDoneLoading sync enabled: 0
2026-08-31 12:56:28.144: [INFO] BookmarkModelLoaded, ids_reassigned: 0
2026-08-31 12:56:28.144: [INFO] BookmarksLoadDropped droppedNodes=0
2026-08-31 12:56:28.144: [INFO] BookmarksSnapshot Startup total=0 bar=0 other=0 mobile=0 showBar=0 showBarNTP=1
2026-08-31 12:57:30.859: [INFO] BookmarksSnapshot Shutdown total=0 bar=0 other=0 mobile=0 showBar=0 showBarNTP=1
2026-08-31 12:58:15.104: [INFO] CurrentProfilePath: D:\Java_course\.metadata\.plugins\org.eclipse.swt\EBWebView\Default
2026-08-31 12:58:15.104: [INFO] Profiles total count: 1
2026-08-31 12:58:15.109: [INFO] Profile: name=Profile 1 path=D:\Java_course\.metadata\.plugins\org.eclipse.swt\EBWebView\Default lastActive=2026-07-30T06:12:55.277Z
2026-08-31 12:58:15.109: [INFO] LastUsedProfileDir: D:\Java_course\.metadata\.plugins\org.eclipse.swt\EBWebView\Default
2026-08-31 12:58:15.109: [INFO] MostRecentlyActiveProfile: name=Profile 1 path=D:\Java_course\.metadata\.plugins\org.eclipse.swt\EBWebView\Default lastActive=2026-07-30T06:12:55.277Z
2026-08-31 12:58:15.110: [INFO] OnDoneLoading sync enabled: 0
2026-08-31 12:58:15.110: [INFO] BookmarkModelLoaded, ids_reassigned: 0
2026-08-31 12:58:15.110: [INFO] BookmarksLoadDropped droppedNodes=0
2026-08-31 12:58:15.111: [INFO] BookmarksSnapshot Startup total=0 bar=0 other=0 mobile=0 showBar=0 showBarNTP=1
2026-08-31 13:02:28.977: [INFO] BookmarksSnapshot Shutdown total=0 bar=0 other=0 mobile=0 showBar=0 showBarNTP=1
