2026-03-24 22:29:59,375 [Worker-2: Loading available Gradle versions] INFO  o.e.b.c.i.u.g.PublishedGradleVersions - Gradle version information cache is not available. Remote download required.
2026-03-24 22:43:31,102 [Worker-4: Loading available Gradle versions] INFO  o.e.b.c.i.u.g.PublishedGradleVersions - Gradle version information cache is up-to-date. Trying to read.
2026-03-25 08:47:38,648 [Worker-4: Loading available Gradle versions] INFO  o.e.b.c.i.u.g.PublishedGradleVersions - Gradle version information cache is up-to-date. Trying to read.
2026-03-27 08:19:47,287 [Worker-4: Loading available Gradle versions] INFO  o.e.b.c.i.u.g.PublishedGradleVersions - Gradle version information cache is out-of-date. Trying to update.
2026-03-27 08:19:47,589 [Worker-4: Loading available Gradle versions] INFO  o.e.b.c.i.u.g.PublishedGradleVersions - Updating Gradle version information cache failed. Using outdated cache.
2026-03-30 08:20:44,970 [Worker-3: Loading available Gradle versions] INFO  o.e.b.c.i.u.g.PublishedGradleVersions - Gradle version information cache is out-of-date. Trying to update.
2026-03-31 22:04:28,169 [Worker-0: Loading available Gradle versions] INFO  o.e.b.c.i.u.g.PublishedGradleVersions - Gradle version information cache is out-of-date. Trying to update.
2026-03-31 22:12:14,102 [Worker-2: Loading available Gradle versions] INFO  o.e.b.c.i.u.g.PublishedGradleVersions - Gradle version information cache is up-to-date. Trying to read.
2026-03-31 22:32:58,232 [Worker-4: Loading available Gradle versions] INFO  o.e.b.c.i.u.g.PublishedGradleVersions - Gradle version information cache is up-to-date. Trying to read.
2026-03-31 22:38:15,478 [Worker-5: Loading available Gradle versions] INFO  o.e.b.c.i.u.g.PublishedGradleVersions - Gradle version information cache is up-to-date. Trying to read.
2026-04-01 08:19:32,860 [Worker-3: Loading available Gradle versions] INFO  o.e.b.c.i.u.g.PublishedGradleVersions - Gradle version information cache is up-to-date. Trying to read.
2026-04-06 08:16:02,113 [Worker-5: Loading available Gradle versions] INFO  o.e.b.c.i.u.g.PublishedGradleVersions - Gradle version information cache is out-of-date. Trying to update.
2026-04-08 08:23:12,372 [Worker-3: Loading available Gradle versions] INFO  o.e.b.c.i.u.g.PublishedGradleVersions - Gradle version information cache is out-of-date. Trying to update.
2026-04-08 08:23:12,926 [Worker-3: Loading available Gradle versions] INFO  o.e.b.c.i.u.g.PublishedGradleVersions - Updating Gradle version information cache failed. Using outdated cache.
2026-04-09 17:07:37,972 [Worker-1: Loading available Gradle versions] INFO  o.e.b.c.i.u.g.PublishedGradleVersions - Gradle version information cache is out-of-date. Trying to update.
2026-04-09 17:29:18,053 [Worker-3: Loading available Gradle versions] INFO  o.e.b.c.i.u.g.PublishedGradleVersions - Gradle version information cache is up-to-date. Trying to read.
2026-04-10 14:55:08,022 [Worker-4: Loading available Gradle versions] INFO  o.e.b.c.i.u.g.PublishedGradleVersions - Gradle version information cache is up-to-date. Trying to read.
2026-04-11 10:23:15,197 [Worker-5: Loading available Gradle versions] INFO  o.e.b.c.i.u.g.PublishedGradleVersions - Gradle version information cache is out-of-date. Trying to update.
2026-04-11 11:02:46,938 [Worker-15: Loading available Gradle versions] INFO  o.e.b.c.i.u.g.PublishedGradleVersions - Gradle version information cache is up-to-date. Trying to read.
2026-04-13 08:17:10,874 [Worker-4: Loading available Gradle versions] INFO  o.e.b.c.i.u.g.PublishedGradleVersions - Gradle version information cache is out-of-date. Trying to update.
2026-04-13 11:37:59,446 [Worker-4: Loading available Gradle versions] INFO  o.e.b.c.i.u.g.PublishedGradleVersions - Gradle version information cache is up-to-date. Trying to read.
2026-04-14 11:01:04,900 [Worker-5: Loading available Gradle versions] INFO  o.e.b.c.i.u.g.PublishedGradleVersions - Gradle version information cache is out-of-date. Trying to update.
2026-04-14 12:10:52,596 [Worker-0: Loading available Gradle versions] INFO  o.e.b.c.i.u.g.PublishedGradleVersions - Gradle version information cache is up-to-date. Trying to read.
2026-04-14 15:42:11,396 [Worker-1: Loading available Gradle versions] INFO  o.e.b.c.i.u.g.PublishedGradleVersions - Gradle version information cache is up-to-date. Trying to read.
2026-04-16 13:27:33,042 [Worker-5: Loading available Gradle versions] INFO  o.e.b.c.i.u.g.PublishedGradleVersions - Gradle version information cache is out-of-date. Trying to update.
2026-04-20 08:51:41,911 [Worker-7: Loading available Gradle versions] INFO  o.e.b.c.i.u.g.PublishedGradleVersions - Gradle version information cache is out-of-date. Trying to update.
2026-04-21 16:06:14,116 [Worker-6: Loading available Gradle versions] INFO  o.e.b.c.i.u.g.PublishedGradleVersions - Gradle version information cache is out-of-date. Trying to update.
2026-04-22 08:41:55,193 [Worker-0: Loading available Gradle versions] INFO  o.e.b.c.i.u.g.PublishedGradleVersions - Gradle version information cache is up-to-date. Trying to read.
2026-04-22 19:58:09,126 [Worker-5: Loading available Gradle versions] INFO  o.e.b.c.i.u.g.PublishedGradleVersions - Gradle version information cache is out-of-date. Trying to update.
2026-04-27 08:12:27,979 [Worker-4: Loading available Gradle versions] INFO  o.e.b.c.i.u.g.PublishedGradleVersions - Gradle version information cache is out-of-date. Trying to update.
2026-05-02 09:55:20,146 [Worker-4: Loading available Gradle versions] INFO  o.e.b.c.i.u.g.PublishedGradleVersions - Gradle version information cache is out-of-date. Trying to update.
2026-05-04 08:28:58,056 [Worker-2: Loading available Gradle versions] INFO  o.e.b.c.i.u.g.PublishedGradleVersions - Gradle version information cache is out-of-date. Trying to update.
2026-05-05 20:04:30,764 [Worker-5: Loading available Gradle versions] INFO  o.e.b.c.i.u.g.PublishedGradleVersions - Gradle version information cache is out-of-date. Trying to update.
2026-05-05 20:06:38,570 [ModalContext] INFO  o.e.m.c.i.e.AbstractTransferListenerAdapter - Downloading https://repo.maven.apache.org/maven2/org/apache/maven/archetypes/maven-archetype-quickstart/1.1/maven-archetype-quickstart-1.1.pom
2026-05-05 20:06:38,597 [ModalContext] INFO  o.e.m.c.i.e.AbstractTransferListenerAdapter - Downloaded https://repo.maven.apache.org/maven2/org/apache/maven/archetypes/maven-archetype-quickstart/1.1/maven-archetype-quickstart-1.1.pom
2026-05-05 20:06:38,695 [ModalContext] INFO  o.e.m.c.i.e.AbstractTransferListenerAdapter - Downloading https://repo.maven.apache.org/maven2/org/apache/maven/archetypes/maven-archetype-bundles/4/maven-archetype-bundles-4.pom
2026-05-05 20:06:38,715 [ModalContext] INFO  o.e.m.c.i.e.AbstractTransferListenerAdapter - Downloaded https://repo.maven.apache.org/maven2/org/apache/maven/archetypes/maven-archetype-bundles/4/maven-archetype-bundles-4.pom
2026-05-05 20:06:38,783 [ModalContext] INFO  o.e.m.c.i.e.AbstractTransferListenerAdapter - Downloading https://repo.maven.apache.org/maven2/org/apache/maven/archetype/maven-archetype/2.0-alpha-5/maven-archetype-2.0-alpha-5.pom
2026-05-05 20:06:38,805 [ModalContext] INFO  o.e.m.c.i.e.AbstractTransferListenerAdapter - Downloaded https://repo.maven.apache.org/maven2/org/apache/maven/archetype/maven-archetype/2.0-alpha-5/maven-archetype-2.0-alpha-5.pom
2026-05-05 20:06:38,893 [ModalContext] INFO  o.e.m.c.i.e.AbstractTransferListenerAdapter - Downloading https://repo.maven.apache.org/maven2/org/apache/maven/maven-parent/16/maven-parent-16.pom
2026-05-05 20:06:38,915 [ModalContext] INFO  o.e.m.c.i.e.AbstractTransferListenerAdapter - Downloaded https://repo.maven.apache.org/maven2/org/apache/maven/maven-parent/16/maven-parent-16.pom
2026-05-05 20:06:38,993 [ModalContext] INFO  o.e.m.c.i.e.AbstractTransferListenerAdapter - Downloading https://repo.maven.apache.org/maven2/org/apache/apache/7/apache-7.pom
2026-05-05 20:06:39,016 [ModalContext] INFO  o.e.m.c.i.e.AbstractTransferListenerAdapter - Downloaded https://repo.maven.apache.org/maven2/org/apache/apache/7/apache-7.pom
2026-05-05 20:06:39,096 [ModalContext] INFO  o.e.m.c.i.e.AbstractTransferListenerAdapter - Downloading https://repo.maven.apache.org/maven2/org/apache/maven/archetypes/maven-archetype-quickstart/1.1/maven-archetype-quickstart-1.1.jar
2026-05-05 20:06:39,127 [ModalContext] INFO  o.e.m.c.i.e.AbstractTransferListenerAdapter - Downloaded https://repo.maven.apache.org/maven2/org/apache/maven/archetypes/maven-archetype-quickstart/1.1/maven-archetype-quickstart-1.1.jar
2026-05-05 20:33:30,597 [Worker-6: Loading available Gradle versions] INFO  o.e.b.c.i.u.g.PublishedGradleVersions - Gradle version information cache is up-to-date. Trying to read.
2026-05-07 15:44:46,317 [Worker-7: Loading available Gradle versions] INFO  o.e.b.c.i.u.g.PublishedGradleVersions - Gradle version information cache is out-of-date. Trying to update.
2026-05-07 15:51:51,954 [Worker-5: Loading available Gradle versions] INFO  o.e.b.c.i.u.g.PublishedGradleVersions - Gradle version information cache is up-to-date. Trying to read.
2026-05-09 12:40:39,894 [Worker-2: Loading available Gradle versions] INFO  o.e.b.c.i.u.g.PublishedGradleVersions - Gradle version information cache is out-of-date. Trying to update.
2026-05-10 04:06:56,180 [Worker-0: Loading available Gradle versions] INFO  o.e.b.c.i.u.g.PublishedGradleVersions - Gradle version information cache is up-to-date. Trying to read.
2026-05-11 18:44:18,801 [Worker-0: Loading available Gradle versions] INFO  o.e.b.c.i.u.g.PublishedGradleVersions - Gradle version information cache is out-of-date. Trying to update.
2026-05-22 09:43:40,817 [Worker-4: Loading available Gradle versions] INFO  o.e.b.c.i.u.g.PublishedGradleVersions - Gradle version information cache is out-of-date. Trying to update.
2026-05-22 09:43:41,418 [Worker-4: Loading available Gradle versions] INFO  o.e.b.c.i.u.g.PublishedGradleVersions - Updating Gradle version information cache failed. Using outdated cache.
2026-05-22 16:23:19,624 [Worker-4: Loading available Gradle versions] INFO  o.e.b.c.i.u.g.PublishedGradleVersions - Gradle version information cache is out-of-date. Trying to update.
2026-05-27 17:07:26,027 [Worker-12: Loading available Gradle versions] INFO  o.e.b.c.i.u.g.PublishedGradleVersions - Gradle version information cache is out-of-date. Trying to update.
2026-05-29 00:23:52,338 [Worker-3: Loading available Gradle versions] INFO  o.e.b.c.i.u.g.PublishedGradleVersions - Gradle version information cache is out-of-date. Trying to update.
2026-05-29 08:16:38,544 [Worker-2: Loading available Gradle versions] INFO  o.e.b.c.i.u.g.PublishedGradleVersions - Gradle version information cache is up-to-date. Trying to read.
2026-05-31 10:24:49,424 [Worker-5: Loading available Gradle versions] INFO  o.e.b.c.i.u.g.PublishedGradleVersions - Gradle version information cache is out-of-date. Trying to update.
2026-06-05 11:26:31,067 [Worker-3: Loading available Gradle versions] INFO  o.e.b.c.i.u.g.PublishedGradleVersions - Gradle version information cache is out-of-date. Trying to update.
2026-06-05 16:20:43,742 [Worker-4: Loading available Gradle versions] INFO  o.e.b.c.i.u.g.PublishedGradleVersions - Gradle version information cache is up-to-date. Trying to read.
2026-06-05 17:16:52,201 [Worker-2: Loading available Gradle versions] INFO  o.e.b.c.i.u.g.PublishedGradleVersions - Gradle version information cache is up-to-date. Trying to read.
2026-06-05 17:23:02,799 [Worker-4: Loading available Gradle versions] INFO  o.e.b.c.i.u.g.PublishedGradleVersions - Gradle version information cache is up-to-date. Trying to read.
2026-06-08 09:07:22,235 [Worker-4: Loading available Gradle versions] INFO  o.e.b.c.i.u.g.PublishedGradleVersions - Gradle version information cache is out-of-date. Trying to update.
2026-06-08 09:07:23,085 [Worker-4: Loading available Gradle versions] INFO  o.e.b.c.i.u.g.PublishedGradleVersions - Updating Gradle version information cache failed. Using outdated cache.
2026-06-09 19:42:18,207 [Worker-3: Loading available Gradle versions] INFO  o.e.b.c.i.u.g.PublishedGradleVersions - Gradle version information cache is out-of-date. Trying to update.
2026-06-10 16:09:33,120 [Worker-5: Loading available Gradle versions] INFO  o.e.b.c.i.u.g.PublishedGradleVersions - Gradle version information cache is up-to-date. Trying to read.
2026-06-10 18:27:19,171 [Worker-31: https://download.eclipse.org/webtools/downloads/drops/R3.42.0/R-3.42.0-20260602145033/repository/features/org.eclipse.jpt.jpa.eclipselink.feature_3.4.101.v202604300443.jar] INFO  o.a.h.c.h.i.c.HttpRequestRetryExec - ex-0000000554 recoverable I/O exception (java.net.SocketException) caught when sending request to https://download.eclipse.org:443;request will be automatically re-executed in 0 MILLISECONDS (exec count 2)
2026-06-10 18:27:19,219 [Worker-32: https://download.eclipse.org/webtools/downloads/drops/R3.42.0/R-3.42.0-20260602145033/repository/features/org.eclipse.jpt.jpa.feature_3.10.0.v202604300443.jar] INFO  o.a.h.c.h.i.c.HttpRequestRetryExec - ex-0000000555 recoverable I/O exception (java.net.SocketException) caught when sending request to https://download.eclipse.org:443;request will be automatically re-executed in 0 MILLISECONDS (exec count 2)
2026-06-10 18:27:19,223 [Worker-37: https://download.eclipse.org/webtools/downloads/drops/R3.42.0/R-3.42.0-20260602145033/repository/features/org.eclipse.jst.enterprise_core.feature_3.42.0.v202604080341.jar] INFO  o.a.h.c.h.i.c.HttpRequestRetryExec - ex-0000000556 recoverable I/O exception (java.net.SocketException) caught when sending request to https://download.eclipse.org:443;request will be automatically re-executed in 0 MILLISECONDS (exec count 2)
2026-06-10 18:47:40,200 [Worker-42: https://mirror.cs.odu.edu/eclipse/releases/2026-06/202606101000/features/org.eclipse.equinox.p2.extras.feature_1.4.3200.v20260516-0947.jar] INFO  o.a.h.c.h.i.c.HttpRequestRetryExec - ex-0000000997 recoverable I/O exception (java.net.SocketException) caught when sending request to https://mirror.cs.odu.edu:443;request will be automatically re-executed in 0 MILLISECONDS (exec count 2)
2026-06-10 18:47:40,201 [Worker-33: https://download.eclipse.org/stats/releases/2026-06/org.eclipse.e4.rcp.feature.jar/4.40.0.v20260516-1214] INFO  o.a.h.c.h.i.c.HttpRequestRetryExec - ex-0000000998 recoverable I/O exception (java.net.SocketException) caught when sending request to https://download.eclipse.org:443;request will be automatically re-executed in 0 MILLISECONDS (exec count 2)
2026-06-10 18:47:40,204 [Worker-23: https://download.eclipse.org/stats/releases/2026-06/org.eclipse.equinox.p2.discovery.feature.feature.jar/1.3.1100.v20260304-0632] INFO  o.a.h.c.h.i.c.HttpRequestRetryExec - ex-0000000999 recoverable I/O exception (java.net.SocketException) caught when sending request to https://download.eclipse.org:443;request will be automatically re-executed in 0 MILLISECONDS (exec count 2)
2026-06-10 18:47:45,902 [Worker-23: https://download.eclipse.org/stats/releases/2026-06/org.eclipse.help.feature.jar/2.3.2600.v20260601-0713] INFO  o.a.h.c.h.i.c.HttpRequestRetryExec - ex-0000001009 recoverable I/O exception (java.net.SocketException) caught when sending request to https://download.eclipse.org:443;request will be automatically re-executed in 0 MILLISECONDS (exec count 2)
2026-06-10 18:47:45,960 [Worker-43: https://mirror.cs.odu.edu/eclipse/releases/2026-06/202606101000/features/org.eclipse.mylyn.builds.feature_4.11.0.v20260527-1108.jar] INFO  o.a.h.c.h.i.c.HttpRequestRetryExec - ex-0000001010 recoverable I/O exception (java.net.SocketException) caught when sending request to https://mirror.cs.odu.edu:443;request will be automatically re-executed in 0 MILLISECONDS (exec count 2)
2026-06-10 18:47:46,203 [Worker-41: https://mirror.cs.odu.edu/eclipse/releases/2026-06/202606101000/features/org.eclipse.mylyn.builds.feature_4.11.0.v20260527-1108.jar] INFO  o.a.h.c.h.i.c.HttpRequestRetryExec - ex-0000001011 recoverable I/O exception (java.net.SocketException) caught when sending request to https://mirror.cs.odu.edu:443;request will be automatically re-executed in 0 MILLISECONDS (exec count 2)
2026-06-10 18:47:46,223 [Worker-23: https://mirror.cs.odu.edu/eclipse/releases/2026-06/202606101000/features/org.eclipse.mylyn.builds.feature_4.11.0.v20260527-1108.jar] INFO  o.a.h.c.h.i.c.HttpRequestRetryExec - ex-0000001012 recoverable I/O exception (java.net.SocketException) caught when sending request to https://mirror.cs.odu.edu:443;request will be automatically re-executed in 0 MILLISECONDS (exec count 2)
2026-06-10 18:47:46,448 [Worker-41: https://mirror.cs.odu.edu/eclipse/releases/2026-06/202606101000/features/org.eclipse.mylyn.builds.feature_4.11.0.v20260527-1108.jar] INFO  o.a.h.c.h.i.c.HttpRequestRetryExec - ex-0000001013 recoverable I/O exception (java.net.SocketException) caught when sending request to https://mirror.cs.odu.edu:443;request will be automatically re-executed in 0 MILLISECONDS (exec count 2)
2026-06-10 18:47:46,480 [Worker-23: https://eclipse.mirror.rafal.ca/releases/2026-06/202606101000/features/org.eclipse.mylyn.builds.feature_4.11.0.v20260527-1108.jar] INFO  o.a.h.c.h.i.c.HttpRequestRetryExec - ex-0000001014 recoverable I/O exception (java.net.SocketException) caught when sending request to https://eclipse.mirror.rafal.ca:443;request will be automatically re-executed in 0 MILLISECONDS (exec count 2)
2026-06-10 18:47:46,734 [Worker-42: https://eclipse.mirror.rafal.ca/releases/2026-06/202606101000/features/org.eclipse.mylyn.builds.feature_4.11.0.v20260527-1108.jar] INFO  o.a.h.c.h.i.c.HttpRequestRetryExec - ex-0000001015 recoverable I/O exception (java.net.SocketException) caught when sending request to https://eclipse.mirror.rafal.ca:443;request will be automatically re-executed in 0 MILLISECONDS (exec count 2)
2026-06-10 18:47:46,778 [Worker-43: https://mirror.umd.edu/eclipse/releases/2026-06/202606101000/features/org.eclipse.mylyn.builds.feature_4.11.0.v20260527-1108.jar] INFO  o.a.h.c.h.i.c.HttpRequestRetryExec - ex-0000001016 recoverable I/O exception (java.net.SocketException) caught when sending request to https://mirror.umd.edu:443;request will be automatically re-executed in 0 MILLISECONDS (exec count 2)
2026-06-10 18:47:47,051 [Worker-33: https://mirror.umd.edu/eclipse/releases/2026-06/202606101000/features/org.eclipse.mylyn.builds.feature_4.11.0.v20260527-1108.jar] INFO  o.a.h.c.h.i.c.HttpRequestRetryExec - ex-0000001017 recoverable I/O exception (java.net.SocketException) caught when sending request to https://mirror.umd.edu:443;request will be automatically re-executed in 0 MILLISECONDS (exec count 2)
2026-06-10 18:47:47,098 [Worker-43: https://eclipse.mirror.rafal.ca/releases/2026-06/202606101000/features/org.eclipse.mylyn.builds.feature_4.11.0.v20260527-1108.jar] INFO  o.a.h.c.h.i.c.HttpRequestRetryExec - ex-0000001018 recoverable I/O exception (java.net.SocketException) caught when sending request to https://eclipse.mirror.rafal.ca:443;request will be automatically re-executed in 0 MILLISECONDS (exec count 2)
2026-06-10 18:47:47,334 [Worker-33: https://eclipse.mirror.rafal.ca/releases/2026-06/202606101000/features/org.eclipse.mylyn.builds.feature_4.11.0.v20260527-1108.jar] INFO  o.a.h.c.h.i.c.HttpRequestRetryExec - ex-0000001019 recoverable I/O exception (java.net.SocketException) caught when sending request to https://eclipse.mirror.rafal.ca:443;request will be automatically re-executed in 0 MILLISECONDS (exec count 2)
2026-06-10 18:47:47,380 [Worker-41: https://mirror.umd.edu/eclipse/releases/2026-06/202606101000/features/org.eclipse.mylyn.builds.feature_4.11.0.v20260527-1108.jar] INFO  o.a.h.c.h.i.c.HttpRequestRetryExec - ex-0000001020 recoverable I/O exception (java.net.SocketException) caught when sending request to https://mirror.umd.edu:443;request will be automatically re-executed in 0 MILLISECONDS (exec count 2)
2026-06-10 18:47:47,636 [Worker-43: https://mirror.umd.edu/eclipse/releases/2026-06/202606101000/features/org.eclipse.mylyn.builds.feature_4.11.0.v20260527-1108.jar] INFO  o.a.h.c.h.i.c.HttpRequestRetryExec - ex-0000001021 recoverable I/O exception (java.net.SocketException) caught when sending request to https://mirror.umd.edu:443;request will be automatically re-executed in 0 MILLISECONDS (exec count 2)
2026-06-10 18:47:47,684 [Worker-33: https://mirror.aarnet.edu.au/pub/eclipse/releases/2026-06/202606101000/features/org.eclipse.mylyn.builds.feature_4.11.0.v20260527-1108.jar] INFO  o.a.h.c.h.i.c.HttpRequestRetryExec - ex-0000001022 recoverable I/O exception (java.net.SocketException) caught when sending request to https://mirror.aarnet.edu.au:443;request will be automatically re-executed in 0 MILLISECONDS (exec count 2)
2026-06-10 18:47:47,936 [Worker-23: https://mirror.aarnet.edu.au/pub/eclipse/releases/2026-06/202606101000/features/org.eclipse.mylyn.builds.feature_4.11.0.v20260527-1108.jar] INFO  o.a.h.c.h.i.c.HttpRequestRetryExec - ex-0000001023 recoverable I/O exception (java.net.SocketException) caught when sending request to https://mirror.aarnet.edu.au:443;request will be automatically re-executed in 0 MILLISECONDS (exec count 2)
2026-06-11 11:20:06,683 [Worker-44: https://download.eclipse.org/stats/releases/2026-06/org.eclipse.equinox.p2.rcp.feature.feature.jar/1.4.3200.v20260516-0947] INFO  o.a.h.c.h.i.c.HttpRequestRetryExec - ex-0000001008 recoverable I/O exception (java.net.SocketException) caught when sending request to https://download.eclipse.org:443;request will be automatically re-executed in 0 MILLISECONDS (exec count 2)
2026-06-11 11:20:06,683 [Worker-30: https://eclipse.mirror.rafal.ca/releases/2026-06/202606101000/features/org.eclipse.jdt_3.20.600.v20260601-0713.jar] INFO  o.a.h.c.h.i.c.HttpRequestRetryExec - ex-0000001007 recoverable I/O exception (java.net.SocketException) caught when sending request to https://eclipse.mirror.rafal.ca:443;request will be automatically re-executed in 0 MILLISECONDS (exec count 2)
2026-06-11 11:20:06,683 [Worker-39: https://download.eclipse.org/stats/releases/2026-06/org.eclipse.equinox.p2.user.ui.feature.jar/2.4.3200.v20260516-0947] INFO  o.a.h.c.h.i.c.HttpRequestRetryExec - ex-0000001005 recoverable I/O exception (java.net.SocketException) caught when sending request to https://download.eclipse.org:443;request will be automatically re-executed in 0 MILLISECONDS (exec count 2)
2026-06-14 18:06:38,434 [Worker-20: Loading available Gradle versions] INFO  o.e.b.c.i.u.g.PublishedGradleVersions - Gradle version information cache is out-of-date. Trying to update.
2026-06-15 12:18:22,120 [Worker-1: Loading available Gradle versions] INFO  o.e.b.c.i.u.g.PublishedGradleVersions - Gradle version information cache is up-to-date. Trying to read.
